
Test10399.hs:10:27:
    Not in scope: type constructor or class ‘MPISecret’

Test10399.hs:12:10: Not in scope: ‘mkBila’

Test10399.hs:12:39: Not in scope: ‘P.base’

Test10399.hs:12:50: Not in scope: ‘P.pos’

Test10399.hs:12:60: Not in scope: ‘P.form’
